[2025-10-16 14:19:10.033] [lidar_logger] [info] 
===============================================================================
[2025-10-16 14:19:10.033] [lidar_logger] [info] Start lidar line detection, sn: 123456, executionTimes: 5
[2025-10-16 14:19:10.033] [lidar_logger] [info] ROI configuration path: ../config/NavLineCheckRoi.yml
[2025-10-16 14:26:18.654] [lidar_logger] [info] 
===============================================================================
[2025-10-16 14:26:18.654] [lidar_logger] [info] Start lidar line detection, sn: 123456, executionTimes: 5
[2025-10-16 14:26:18.654] [lidar_logger] [info] ROI configuration path: ../config/NavLineCheckRoi.yml
[2025-10-16 14:28:39.536] [lidar_logger] [info] 
===============================================================================
[2025-10-16 14:28:39.536] [lidar_logger] [info] Start lidar line detection, sn: 123456, executionTimes: 5
[2025-10-16 14:28:39.536] [lidar_logger] [info] ROI configuration path: ../config/NavLineCheckRoi.yml
[2025-10-16 14:32:15.471] [lidar_logger] [info] 
===============================================================================
[2025-10-16 14:32:15.471] [lidar_logger] [info] Start lidar line detection, sn: 123456, executionTimes: 5
[2025-10-16 14:32:15.471] [lidar_logger] [info] ROI configuration path: ../config/NavLineCheckRoi.yml
[2025-10-16 14:50:27.588] [lidar_logger] [info] 
===============================================================================
[2025-10-16 14:50:27.588] [lidar_logger] [info] Start lidar line detection, sn: 123456, executionTimes: 5
[2025-10-16 14:50:27.588] [lidar_logger] [info] ROI configuration path: ../config/NavLineCheckRoi.yml
[2025-10-16 14:50:27.589] [lidar_logger] [error] NavLineCheckRoi node must be a sequence with exactly 4 points
[2025-10-16 14:50:27.589] [lidar_logger] [info] Quad ROI configuration read failed, Error Code: 4
[2025-10-16 14:55:33.665] [lidar_logger] [info] 
===============================================================================
[2025-10-16 14:55:33.665] [lidar_logger] [info] Start lidar line detection, sn: 123456, executionTimes: 5
[2025-10-16 14:55:33.665] [lidar_logger] [info] ROI configuration path: ../config/NavLineCheckRoi.yml
[2025-10-16 14:55:33.665] [lidar_logger] [info] Successfully loaded ROI config
[2025-10-16 14:55:33.665] [lidar_logger] [info] Quad ROI config read successfully: P1(653,424), P2(1418,453), P3(1422,554), P4(632,529)
[2025-10-16 14:55:33.665] [lidar_logger] [info] Use quadrilateral ROI for detection
[2025-10-16 14:55:33.665] [lidar_logger] [info] Start laser line detection within the ROI, moduleBrand: Piceacorp
[2025-10-16 14:55:33.691] [lidar_logger] [info] Navigation laser line RMS: 6.1011748027574955
[2025-10-16 14:55:33.691] [lidar_logger] [info] Navigation laser line length: 773.6836547851562, ROI Width: 790.3954706347956
[2025-10-16 14:55:33.719] [lidar_logger] [info] Image saved successfully: ../output/result_123456_Thu_Oct_16_14_55_33_2025_.jpg
[2025-10-16 14:55:33.719] [lidar_logger] [info] Quad ROI laser line detection successful, angle: 3.11°, number of points: 7099, RMS: 6.10, length: 773.68
[2025-10-16 15:04:02.427] [lidar_logger] [info] 
===============================================================================
[2025-10-16 15:04:02.427] [lidar_logger] [info] Start lidar line detection, sn: 123456, executionTimes: 5
[2025-10-16 15:04:02.427] [lidar_logger] [info] ROI configuration path: ../config/NavLineCheckRoi.yml
[2025-10-16 15:04:02.427] [lidar_logger] [info] Successfully loaded ROI config
[2025-10-16 15:04:02.427] [lidar_logger] [info] Quad ROI config read successfully: P1(653,424), P2(1418,453), P3(1422,554), P4(632,529)
[2025-10-16 15:04:02.427] [lidar_logger] [info] Use quadrilateral ROI for detection
[2025-10-16 15:04:02.427] [lidar_logger] [info] Start laser line detection within the ROI, moduleBrand: Piceacorp
[2025-10-16 15:04:02.453] [lidar_logger] [info] Navigation laser line RMS: 6.1011748027574955
[2025-10-16 15:04:02.453] [lidar_logger] [info] Navigation laser line length: 773.6836547851562, ROI Width: 790.3954706347956
[2025-10-16 15:04:02.480] [lidar_logger] [info] Image saved successfully: ../output/result_123456_Thu_Oct_16_15_04_02_2025_.jpg
[2025-10-16 15:04:02.480] [lidar_logger] [info] Quad ROI laser line detection successful, angle: 3.11°, number of points: 7099, RMS: 6.10, length: 773.68
[2025-10-16 15:04:02.498] [lidar_logger] [info] ROI configuration path: ../config/CameraSelfCheckRoi.yml
[2025-10-16 15:04:02.498] [lidar_logger] [info] Successfully loaded ROI config
[2025-10-16 15:04:02.498] [lidar_logger] [info] Quad ROI config read successfully: P1(438,351), P2(1618,334), P3(1635,805), P4(426,805)
[2025-10-17 10:54:18.632] [lidar_logger] [info] 
===============================================================================
[2025-10-17 10:54:18.632] [lidar_logger] [info] Start lidar line detection, sn: 123456, executionTimes: 5
[2025-10-17 10:54:18.632] [lidar_logger] [info] ROI configuration path: ../config/NavLineCheckRoi.yml
[2025-10-17 10:54:18.632] [lidar_logger] [info] Successfully loaded ROI config
[2025-10-17 10:54:18.632] [lidar_logger] [info] Quad ROI config read successfully: P1(659,463), P2(1337,502), P3(1335,552), P4(652,525)
[2025-10-17 10:54:18.632] [lidar_logger] [info] Use quadrilateral ROI for detection
[2025-10-17 10:54:18.632] [lidar_logger] [info] Start laser line detection within the ROI, moduleBrand: Piceacorp
[2025-10-17 10:54:18.663] [lidar_logger] [info] Navigation laser line RMS: 3.6763352962114793
[2025-10-17 10:54:18.663] [lidar_logger] [info] Navigation laser line length: 677.7351531982422, ROI Width: 683.5334666276407
[2025-10-17 10:54:18.693] [lidar_logger] [info] Image saved successfully: ../output/result_123456_Fri_Oct_17_10_54_18_2025_.jpg
[2025-10-17 10:54:18.693] [lidar_logger] [info] Quad ROI laser line detection successful, angle: 3.54°, number of points: 3790, RMS: 3.68, length: 677.74
[2025-10-17 10:54:18.712] [lidar_logger] [info] ROI configuration path: ../config/CameraSelfCheckRoi.yml
[2025-10-17 10:54:18.712] [lidar_logger] [info] Successfully loaded ROI config
[2025-10-17 10:54:18.712] [lidar_logger] [info] Quad ROI config read successfully: P1(438,351), P2(1618,334), P3(1635,805), P4(426,805)
[2025-10-17 10:56:44.960] [lidar_logger] [info] 
===============================================================================
[2025-10-17 10:56:44.960] [lidar_logger] [info] Start lidar line detection, sn: 123456, executionTimes: 5
[2025-10-17 10:56:44.960] [lidar_logger] [info] ROI configuration path: ../config/NavLineCheckRoi.yml
[2025-10-17 10:56:44.960] [lidar_logger] [info] Successfully loaded ROI config
[2025-10-17 10:56:44.960] [lidar_logger] [info] Quad ROI config read successfully: P1(649,462), P2(1437,511), P3(1444,420), P4(640,368)
[2025-10-17 10:56:44.960] [lidar_logger] [info] Use quadrilateral ROI for detection
[2025-10-17 10:56:44.960] [lidar_logger] [info] Start laser line detection within the ROI, moduleBrand: Piceacorp
[2025-10-17 10:56:44.987] [lidar_logger] [info] Navigation laser line RMS: 7.158390811209698
[2025-10-17 10:56:44.987] [lidar_logger] [info] Navigation laser line length: 772.0839691162109, ROI Width: 805.6798371561746
[2025-10-17 10:56:44.988] [lidar_logger] [error] The laser line endpoint exceeds the ROI boundary: left_y=464, right_y=503
[2025-10-17 10:56:44.988] [lidar_logger] [error] Quad ROI laser line detection failed, Error Code: 2
[2025-10-17 10:56:45.006] [lidar_logger] [info] ROI configuration path: ../config/CameraSelfCheckRoi.yml
[2025-10-17 10:56:45.006] [lidar_logger] [info] Successfully loaded ROI config
[2025-10-17 10:56:45.006] [lidar_logger] [info] Quad ROI config read successfully: P1(438,351), P2(1618,334), P3(1635,805), P4(426,805)
[2025-10-17 11:04:18.175] [lidar_logger] [info] 
===============================================================================
[2025-10-17 11:04:18.175] [lidar_logger] [info] Start lidar line detection, sn: 123456, executionTimes: 5
[2025-10-17 11:04:18.175] [lidar_logger] [info] ROI configuration path: ../config/NavLineCheckRoi.yml
[2025-10-17 11:04:18.175] [lidar_logger] [info] Successfully loaded ROI config
[2025-10-17 11:04:18.175] [lidar_logger] [info] Quad ROI config read successfully: P1(647,385), P2(642,474), P3(1370,513), P4(1380,429)
[2025-10-17 11:04:18.175] [lidar_logger] [info] Use quadrilateral ROI for detection
[2025-10-17 11:04:18.175] [lidar_logger] [info] Start laser line detection within the ROI, moduleBrand: Piceacorp
[2025-10-17 11:04:18.196] [lidar_logger] [info] Navigation laser line RMS: 5.730685595048102
[2025-10-17 11:04:18.196] [lidar_logger] [info] Navigation laser line length: 724.8899841308594, ROI Width: 734.3194127898295
[2025-10-17 11:04:18.197] [lidar_logger] [error] The laser line endpoint exceeds the ROI boundary: left_y=465, right_y=504
[2025-10-17 11:04:18.198] [lidar_logger] [error] Quad ROI laser line detection failed, Error Code: 2
[2025-10-17 11:04:18.215] [lidar_logger] [info] ROI configuration path: ../config/CameraSelfCheckRoi.yml
[2025-10-17 11:04:18.215] [lidar_logger] [info] Successfully loaded ROI config
[2025-10-17 11:04:18.215] [lidar_logger] [info] Quad ROI config read successfully: P1(438,351), P2(1618,334), P3(1635,805), P4(426,805)
[2025-10-17 11:04:49.323] [lidar_logger] [info] 
===============================================================================
[2025-10-17 11:04:49.323] [lidar_logger] [info] Start lidar line detection, sn: 123456, executionTimes: 5
[2025-10-17 11:04:49.323] [lidar_logger] [info] ROI configuration path: ../config/NavLineCheckRoi.yml
[2025-10-17 11:04:49.323] [lidar_logger] [info] Successfully loaded ROI config
[2025-10-17 11:04:49.323] [lidar_logger] [info] Quad ROI config read successfully: P1(647,385), P2(642,474), P3(1370,513), P4(1380,429)
[2025-10-17 11:04:49.323] [lidar_logger] [info] Use quadrilateral ROI for detection
[2025-10-17 11:04:49.323] [lidar_logger] [info] Start laser line detection within the ROI, moduleBrand: Piceacorp
[2025-10-17 11:04:49.335] [lidar_logger] [info] Navigation laser line RMS: 5.730685595048102
[2025-10-17 11:04:49.335] [lidar_logger] [info] Navigation laser line length: 724.8899841308594, ROI Width: 734.3194127898295
[2025-10-17 11:04:49.336] [lidar_logger] [error] The laser line endpoint exceeds the ROI boundary: left_y=465, right_y=504
[2025-10-17 11:04:49.337] [lidar_logger] [error] Quad ROI laser line detection failed, Error Code: 2
[2025-10-17 11:04:49.354] [lidar_logger] [info] ROI configuration path: ../config/CameraSelfCheckRoi.yml
[2025-10-17 11:04:49.354] [lidar_logger] [info] Successfully loaded ROI config
[2025-10-17 11:04:49.354] [lidar_logger] [info] Quad ROI config read successfully: P1(438,351), P2(1618,334), P3(1635,805), P4(426,805)
[2025-10-17 11:08:08.768] [lidar_logger] [info] 
===============================================================================
[2025-10-17 11:08:08.768] [lidar_logger] [info] Start lidar line detection, sn: 123456, executionTimes: 5
[2025-10-17 11:08:08.768] [lidar_logger] [info] ROI configuration path: ../config/NavLineCheckRoi.yml
[2025-10-17 11:08:08.768] [lidar_logger] [info] Successfully loaded ROI config
[2025-10-17 11:08:08.768] [lidar_logger] [info] Quad ROI config read successfully: P1(647,385), P2(642,474), P3(1370,513), P4(1380,429)
[2025-10-17 11:08:08.768] [lidar_logger] [info] Use quadrilateral ROI for detection
[2025-10-17 11:08:08.768] [lidar_logger] [info] Start laser line detection within the ROI, moduleBrand: Piceacorp
[2025-10-17 11:08:08.794] [lidar_logger] [info] Navigation laser line RMS: 5.730685595048102
[2025-10-17 11:08:08.794] [lidar_logger] [info] Navigation laser line length: 724.8899841308594, ROI Width: 734.3194127898295
[2025-10-17 11:08:08.795] [lidar_logger] [error] Image saved failed: 123456_Fri_Oct_17_11_08_08_2025__../output/result.jpg
[2025-10-17 11:08:08.795] [lidar_logger] [info] Quad ROI laser line detection successful, angle: 3.05°, number of points: 5867, RMS: 5.73, length: 724.89
[2025-10-17 11:08:08.814] [lidar_logger] [info] ROI configuration path: ../config/CameraSelfCheckRoi.yml
[2025-10-17 11:08:08.814] [lidar_logger] [info] Successfully loaded ROI config 
[2025-10-17 11:08:08.814] [lidar_logger] [info] Quad ROI config read successfully: P1(438,351), P2(1618,334), P3(1635,805), P4(426,805)
Image saved successfully: ../output/result_123456_Fri_Oct_17_10_54_18_2025_.jpg[2025-10-17 11:20:17.278] [lidar_logger] [info] 
===============================================================================
[2025-10-17 11:20:17.278] [lidar_logger] [info] Start lidar line detection, sn: 123456, executionTimes: 5
[2025-10-17 11:20:17.278] [lidar_logger] [info] ROI configuration path: ../config/NavLineCheckRoi.yml
[2025-10-17 11:20:17.278] [lidar_logger] [info] Successfully loaded ROI config
[2025-10-17 11:20:17.278] [lidar_logger] [info] Quad ROI config read successfully: P1(647,385), P2(642,474), P3(1370,513), P4(1380,429)
[2025-10-17 11:20:17.278] [lidar_logger] [info] Use quadrilateral ROI for detection
[2025-10-17 11:20:17.278] [lidar_logger] [info] Start laser line detection within the ROI, moduleBrand: Piceacorp
[2025-10-17 11:20:17.304] [lidar_logger] [info] Navigation laser line RMS: 5.730685595048102
[2025-10-17 11:20:17.304] [lidar_logger] [info] Navigation laser line length: 724.8899841308594, ROI Width: 734.3194127898295
[2025-10-17 11:20:17.331] [lidar_logger] [info] Image saved successfully: ../output/123456_result_Fri_Oct_17_11_20_17_2025_.jpg
[2025-10-17 11:20:17.331] [lidar_logger] [info] Quad ROI laser line detection successful, angle: 3.05°, number of points: 5867, RMS: 5.73, length: 724.89
[2025-10-17 11:20:17.349] [lidar_logger] [info] ROI configuration path: ../config/CameraSelfCheckRoi.yml
[2025-10-17 11:20:17.349] [lidar_logger] [info] Successfully loaded ROI config
[2025-10-17 11:20:17.349] [lidar_logger] [info] Quad ROI config read successfully: P1(438,351), P2(1618,334), P3(1635,805), P4(426,805)
[2025-10-17 11:28:44.153] [lidar_logger] [info] 
===============================================================================
[2025-10-17 11:28:44.153] [lidar_logger] [info] Start lidar line detection, sn: 123456, executionTimes: 5
[2025-10-17 11:28:44.153] [lidar_logger] [info] ROI configuration path: ../config/NavLineCheckRoi.yml
[2025-10-17 11:28:44.153] [lidar_logger] [info] Successfully loaded ROI config
[2025-10-17 11:28:44.153] [lidar_logger] [info] Quad ROI config read successfully: P1(647,385), P2(642,474), P3(1370,513), P4(1380,429)
[2025-10-17 11:28:44.153] [lidar_logger] [info] Use quadrilateral ROI for detection
[2025-10-17 11:28:44.153] [lidar_logger] [info] Start laser line detection within the ROI, moduleBrand: Piceacorp
[2025-10-17 11:28:44.191] [lidar_logger] [info] Navigation laser line RMS: 5.730685595048102
[2025-10-17 11:28:44.191] [lidar_logger] [info] Navigation laser line length: 724.8899841308594, ROI Width: 734.3194127898295
[2025-10-17 11:28:44.217] [lidar_logger] [info] Image saved successfully: ../output/123456_result_Fri_Oct_17_11_28_44_2025_.jpg
[2025-10-17 11:28:44.217] [lidar_logger] [info] Quad ROI laser line detection successful, angle: 3.05°, number of points: 5867, RMS: 5.73, length: 724.89
[2025-10-17 11:28:44.236] [lidar_logger] [info] ROI configuration path: ../config/CameraSelfCheckRoi.yml
[2025-10-17 11:28:44.236] [lidar_logger] [info] Successfully loaded ROI config
[2025-10-17 11:28:44.236] [lidar_logger] [info] Quad ROI config read successfully: P1(438,351), P2(1618,334), P3(1635,805), P4(426,805)
[2025-10-17 11:28:52.233] [lidar_logger] [info] 
===============================================================================
[2025-10-17 11:28:52.233] [lidar_logger] [info] Start lidar line detection, sn: 123456, executionTimes: 5
[2025-10-17 11:28:52.233] [lidar_logger] [info] ROI configuration path: ../config/NavLineCheckRoi.yml
[2025-10-17 11:28:52.234] [lidar_logger] [info] Successfully loaded ROI config
[2025-10-17 11:28:52.234] [lidar_logger] [info] Quad ROI config read successfully: P1(647,385), P2(642,474), P3(1370,513), P4(1380,429)
[2025-10-17 11:28:52.234] [lidar_logger] [info] Use quadrilateral ROI for detection
[2025-10-17 11:28:52.234] [lidar_logger] [info] Start laser line detection within the ROI, moduleBrand: Piceacorp
[2025-10-17 11:28:52.260] [lidar_logger] [info] Navigation laser line RMS: 5.730685595048102
[2025-10-17 11:28:52.260] [lidar_logger] [info] Navigation laser line length: 724.8899841308594, ROI Width: 734.3194127898295
[2025-10-17 11:28:52.287] [lidar_logger] [info] Image saved successfully: ../output/123456_result_Fri_Oct_17_11_28_52_2025_.jpg
[2025-10-17 11:28:52.287] [lidar_logger] [info] Quad ROI laser line detection successful, angle: 3.05°, number of points: 5867, RMS: 5.73, length: 724.89
[2025-10-17 11:28:52.306] [lidar_logger] [info] ROI configuration path: ../config/CameraSelfCheckRoi.yml
[2025-10-17 11:28:52.306] [lidar_logger] [info] Successfully loaded ROI config
[2025-10-17 11:28:52.306] [lidar_logger] [info] Quad ROI config read successfully: P1(438,351), P2(1618,334), P3(1635,805), P4(426,805)
[2025-10-17 15:52:52.359] [lidar_logger] [info] 
===============================================================================
[2025-10-17 15:52:52.359] [lidar_logger] [info] Start lidar line detection, sn: 123456, executionTimes: 5
[2025-10-17 15:52:52.359] [lidar_logger] [info] ROI configuration path: ../config/NavLineCheckRoi.yml
[2025-10-17 15:52:52.359] [lidar_logger] [info] Successfully loaded ROI config
[2025-10-17 15:52:52.359] [lidar_logger] [info] Quad ROI config read successfully: P1(411,552), P2(1681,584), P3(1688,635), P4(406,619)
[2025-10-17 15:52:52.359] [lidar_logger] [info] Use quadrilateral ROI for detection
[2025-10-17 15:52:52.359] [lidar_logger] [info] Start laser line detection within the ROI, moduleBrand: Piceacorp
[2025-10-17 15:52:52.401] [lidar_logger] [info] Navigation laser line RMS: 9.856985423463575
[2025-10-17 15:52:52.402] [lidar_logger] [info] Navigation laser line length: 1264.2127380371094, ROI Width: 1282.099840106066
[2025-10-17 15:52:52.427] [lidar_logger] [info] Image saved successfully: ../output/123456_result_Fri_Oct_17_15_52_52_2025_.jpg
[2025-10-17 15:52:52.427] [lidar_logger] [info] Quad ROI laser line detection successful, angle: 0.53°, number of points: 17288, RMS: 9.86, length: 1264.21
[2025-10-17 15:52:52.442] [lidar_logger] [info] ROI configuration path: ../config/CameraSelfCheckRoi.yml
[2025-10-17 15:52:52.442] [lidar_logger] [info] Successfully loaded ROI config
[2025-10-17 15:52:52.442] [lidar_logger] [info] Quad ROI config read successfully: P1(433,342), P2(1643,323), P3(1674,816), P4(420,815)
[2025-10-23 15:56:06.823] [lidar_logger] [info] 
===============================================================================
[2025-10-23 15:56:06.823] [lidar_logger] [info] Start lidar line detection, sn: 123456, executionTimes: 5
[2025-10-23 15:56:06.823] [lidar_logger] [info] ROI configuration path: ../config/NavLineCheckRoi.yml
[2025-10-23 15:56:06.823] [lidar_logger] [info] Successfully loaded ROI config
[2025-10-23 15:56:06.823] [lidar_logger] [info] Quad ROI config read successfully: P1(407,562), P2(1673,593), P3(1675,641), P4(400,631)
[2025-10-23 15:56:06.823] [lidar_logger] [info] Use quadrilateral ROI for detection
[2025-10-23 15:56:06.823] [lidar_logger] [info] Start laser line detection within the ROI, moduleBrand: Piceacorp
[2025-10-23 15:56:06.859] [lidar_logger] [info] Navigation laser line RMS: 5.71416843956295
[2025-10-23 15:56:06.860] [lidar_logger] [info] Navigation laser line length: 1273.2420043945312, ROI Width: 1275.0392150832067
[2025-10-23 15:56:06.888] [lidar_logger] [info] Image saved successfully: ../output/2025-10-23-15-56-06_123456_result.jpg
[2025-10-23 15:56:06.889] [lidar_logger] [info] Quad ROI laser line detection successful, angle: 0.99°, number of points: 21215, RMS: 5.71, length: 1273.24
[2025-10-23 15:56:06.907] [lidar_logger] [info] ROI configuration path: ../config/CameraSelfCheckRoi.yml
[2025-10-23 15:56:06.907] [lidar_logger] [info] Successfully loaded ROI config
[2025-10-23 15:56:06.907] [lidar_logger] [info] Quad ROI config read successfully: P1(426,342), P2(1623,328), P3(1654,807), P4(408,807)
[2025-10-23 16:51:52.922] [lidar_logger] [info] 
===============================================================================
[2025-10-23 16:51:52.922] [lidar_logger] [info] Start lidar line detection, sn: 123456, executionTimes: 5
[2025-10-23 16:51:52.922] [lidar_logger] [info] ROI configuration path: ../config/NavLineCheckRoi.yml
[2025-10-23 16:51:52.922] [lidar_logger] [info] Successfully loaded ROI config
[2025-10-23 16:51:52.922] [lidar_logger] [info] Quad ROI config read successfully: P1(407,562), P2(1673,593), P3(1675,641), P4(400,631)
[2025-10-23 16:51:52.922] [lidar_logger] [info] Use quadrilateral ROI for detection
[2025-10-23 16:51:52.922] [lidar_logger] [info] Start laser line detection within the ROI, moduleBrand: Piceacorp
[2025-10-23 16:51:52.957] [lidar_logger] [info] Navigation laser line RMS: 5.71416843956295
[2025-10-23 16:51:52.957] [lidar_logger] [info] Navigation laser line length: 1273.2420043945312, ROI Width: 1275.0392150832067
[2025-10-23 16:51:52.985] [lidar_logger] [info] Image saved successfully: ../output/2025-10-23-16-51-52_123456_result.jpg
[2025-10-23 16:51:52.985] [lidar_logger] [info] Quad ROI laser line detection successful, angle: 0.99°, number of points: 21215, RMS: 5.71, length: 1273.24
[2025-10-23 16:51:53.004] [lidar_logger] [info] ROI configuration path: ../config/CameraSelfCheckRoi.yml
[2025-10-23 16:51:53.004] [lidar_logger] [info] Successfully loaded ROI config
[2025-10-23 16:51:53.004] [lidar_logger] [info] Quad ROI config read successfully: P1(426,342), P2(1623,328), P3(1654,807), P4(408,807)
[2025-10-23 16:53:58.099] [lidar_logger] [info] 
===============================================================================
[2025-10-23 16:53:58.099] [lidar_logger] [info] Start lidar line detection, sn: 123456, executionTimes: 5
[2025-10-23 16:53:58.099] [lidar_logger] [info] ROI configuration path: ../config/NavLineCheckRoi.yml
[2025-10-23 16:53:58.099] [lidar_logger] [info] Successfully loaded ROI config
[2025-10-23 16:53:58.099] [lidar_logger] [info] Quad ROI config read successfully: P1(407,562), P2(1673,593), P3(1675,641), P4(400,631)
[2025-10-23 16:53:58.099] [lidar_logger] [info] Use quadrilateral ROI for detection
[2025-10-23 16:53:58.099] [lidar_logger] [info] Start laser line detection within the ROI, moduleBrand: Piceacorp
[2025-10-23 16:53:58.135] [lidar_logger] [info] Navigation laser line RMS: 5.71416843956295
[2025-10-23 16:53:58.135] [lidar_logger] [info] Navigation laser line length: 1273.2420043945312, ROI Width: 1275.0392150832067
[2025-10-23 16:53:58.163] [lidar_logger] [info] Image saved successfully: ../output/2025-10-23-16-53-58_123456_result.jpg
[2025-10-23 16:53:58.163] [lidar_logger] [info] Quad ROI laser line detection successful, angle: 0.99°, number of points: 21215, RMS: 5.71, length: 1273.24
[2025-10-23 16:53:58.181] [lidar_logger] [info] ROI configuration path: ../config/CameraSelfCheckRoi.yml
[2025-10-23 16:53:58.181] [lidar_logger] [info] Successfully loaded ROI config
[2025-10-23 16:53:58.181] [lidar_logger] [info] Quad ROI config read successfully: P1(426,342), P2(1623,328), P3(1654,807), P4(408,807)
[2025-11-24 10:07:00.913] [lidar_logger] [info] 
===============================================================================
[2025-11-24 10:07:00.913] [lidar_logger] [info] Start lidar line detection, sn: 123456, executionTimes: 5
[2025-11-24 10:07:00.913] [lidar_logger] [info] ROI configuration path: ../config/NavLineCheckRoi.yml
[2025-11-24 10:07:00.914] [lidar_logger] [info] Successfully loaded ROI config
[2025-11-24 10:07:00.914] [lidar_logger] [info] Quad ROI config read successfully: P1(397,539), P2(1654,575), P3(1659,626), P4(393,605)
[2025-11-24 10:07:00.914] [lidar_logger] [info] Use quadrilateral ROI for detection
[2025-11-24 10:07:00.914] [lidar_logger] [info] Start laser line detection within the ROI, moduleBrand: Piceacorp
[2025-11-24 10:07:00.945] [lidar_logger] [error] The laser line is not within the ROI area, number of points: 0
[2025-11-24 10:07:00.970] [lidar_logger] [info] Result image saved: ../output/2025-11-24-10-07-00_123456_result.jpg
[2025-11-24 10:07:00.971] [lidar_logger] [error] Quad ROI laser line detection failed, Error Code: 2
[2025-11-24 10:07:00.986] [lidar_logger] [info] ROI configuration path: ../config/CameraSelfCheckRoi.yml
[2025-11-24 10:07:00.986] [lidar_logger] [info] Successfully loaded ROI config
[2025-11-24 10:07:00.986] [lidar_logger] [info] Quad ROI config read successfully: P1(415,341), P2(1620,320), P3(1649,800), P4(388,803)
[2025-11-24 10:08:11.627] [lidar_logger] [info] 
===============================================================================
[2025-11-24 10:08:11.627] [lidar_logger] [info] Start lidar line detection, sn: 123456, executionTimes: 5
[2025-11-24 10:08:11.627] [lidar_logger] [info] ROI configuration path: ../config/NavLineCheckRoi.yml
[2025-11-24 10:08:11.627] [lidar_logger] [info] Successfully loaded ROI config
[2025-11-24 10:08:11.627] [lidar_logger] [info] Quad ROI config read successfully: P1(397,539), P2(1654,575), P3(1659,626), P4(393,605)
[2025-11-24 10:08:11.627] [lidar_logger] [info] Use quadrilateral ROI for detection
[2025-11-24 10:08:11.627] [lidar_logger] [info] Start laser line detection within the ROI, moduleBrand: Piceacorp
[2025-11-24 10:08:11.659] [lidar_logger] [error] The laser line is not within the ROI area, number of points: 5
[2025-11-24 10:08:11.687] [lidar_logger] [info] Result image saved: ../output/2025-11-24-10-08-11_123456_result.jpg
[2025-11-24 10:08:11.687] [lidar_logger] [error] Quad ROI laser line detection failed, Error Code: 2
[2025-11-24 10:08:11.702] [lidar_logger] [info] ROI configuration path: ../config/CameraSelfCheckRoi.yml
[2025-11-24 10:08:11.702] [lidar_logger] [info] Successfully loaded ROI config
[2025-11-24 10:08:11.702] [lidar_logger] [info] Quad ROI config read successfully: P1(415,341), P2(1620,320), P3(1649,800), P4(388,803)
[2025-11-24 10:13:36.011] [lidar_logger] [info] 
===============================================================================
[2025-11-24 10:13:36.011] [lidar_logger] [info] Start lidar line detection, sn: 123456, executionTimes: 5
[2025-11-24 10:13:36.011] [lidar_logger] [info] ROI configuration path: ../config/NavLineCheckRoi.yml
[2025-11-24 10:13:36.011] [lidar_logger] [info] Successfully loaded ROI config
[2025-11-24 10:13:36.011] [lidar_logger] [info] Quad ROI config read successfully: P1(411,548), P2(1673,572), P3(1674,619), P4(413,619)
[2025-11-24 10:13:36.011] [lidar_logger] [info] Use quadrilateral ROI for detection
[2025-11-24 10:13:36.011] [lidar_logger] [info] Start laser line detection within the ROI, moduleBrand: Piceacorp
[2025-11-24 10:13:36.043] [lidar_logger] [error] The laser line is not within the ROI area, number of points: 3
[2025-11-24 10:13:36.070] [lidar_logger] [info] Result image saved: ../output/2025-11-24-10-13-36_123456_result.jpg
[2025-11-24 10:13:36.070] [lidar_logger] [error] Quad ROI laser line detection failed, Error Code: 2
[2025-11-24 10:13:36.086] [lidar_logger] [info] ROI configuration path: ../config/CameraSelfCheckRoi.yml
[2025-11-24 10:13:36.087] [lidar_logger] [info] Successfully loaded ROI config
[2025-11-24 10:13:36.087] [lidar_logger] [info] Quad ROI config read successfully: P1(423,327), P2(1649,310), P3(1664,780), P4(423,784)
[2025-11-24 10:27:32.510] [lidar_logger] [info] 
===============================================================================
[2025-11-24 10:27:32.510] [lidar_logger] [info] Start lidar line detection, sn: 123456, executionTimes: 5
[2025-11-24 10:27:32.510] [lidar_logger] [info] ROI configuration path: ../config/NavLineCheckRoi.yml
[2025-11-24 10:27:32.510] [lidar_logger] [info] Successfully loaded ROI config
[2025-11-24 10:27:32.510] [lidar_logger] [info] Quad ROI config read successfully: P1(412,529), P2(1673,561), P3(1676,608), P4(411,595)
[2025-11-24 10:27:32.510] [lidar_logger] [info] Use quadrilateral ROI for detection
[2025-11-24 10:27:32.510] [lidar_logger] [info] Start laser line detection within the ROI, moduleBrand: Piceacorp
[2025-11-24 10:27:32.542] [lidar_logger] [error] The laser line is not within the ROI area, number of points: 4
[2025-11-24 10:27:32.566] [lidar_logger] [info] Result image saved: ../output/2025-11-24-10-27-32_123456_result.jpg
[2025-11-24 10:27:32.567] [lidar_logger] [error] Quad ROI laser line detection failed, Error Code: 2
[2025-11-24 10:27:32.583] [lidar_logger] [info] ROI configuration path: ../config/CameraSelfCheckRoi.yml
[2025-11-24 10:27:32.583] [lidar_logger] [info] Successfully loaded ROI config
[2025-11-24 10:27:32.583] [lidar_logger] [info] Quad ROI config read successfully: P1(423,327), P2(1649,310), P3(1664,780), P4(423,784)
